+package org.eolang
+alias org.eolang.txt.sprintf
+alias org.eolang.io.stdout
+junit

[] > trivial
  memory > bogusForceDataize
  seq > @
    seq
      [] > testFib1
        memory > f1
        memory > f0
        memory > i
        memory > f2
        seq > @
          seq
            f0.write 0
            f1.write 1
            i.write 0
            while.
              ((i).less 10)
              [unused]
                seq > @
                  seq
                    ^.f2.write ((^.f0).add (^.f1))
                    ^.i.write ((^.i).add 1)
                    ^.f0.write (^.f1)
                    ^.f1.write (^.f2)
            stdout (sprintf "%d\n" (f0))
      bogusForceDataize.write (((testFib1)))
